// Jest Snapshot v1, https://goo.gl/fbAQLP

exports[`AvailableRoomForm Component Test should match with existing snapshot 1`] = `"<form><div><div><label for=\\"economyRoomField\\">Economy :</label><input type=\\"text\\" name=\\"economy\\" id=\\"economyRoomField\\" value=\\"\\"></div><div><label for=\\"premiumRoomField\\">Premium :</label><input type=\\"text\\" name=\\"economy\\" id=\\"premiumRoomField\\" value=\\"\\"></div><button type=\\"submit\\">Enter</button></div></form>"`;
