// Jest Snapshot v1, https://goo.gl/fbAQLP

exports[`AvailableRoomForm Component Test should match with existing snapshot 1`] = `"<form><div class=\\"Container\\"><div class=\\"FormBody\\"><div class=\\"FieldCont\\"><label for=\\"economyRoomField\\">Economy :</label><input type=\\"text\\" name=\\"economy\\" id=\\"economyRoomField\\" value=\\"\\"></div><div class=\\"FieldCont\\"><label for=\\"premiumRoomField\\">Premium :</label><input type=\\"text\\" name=\\"premium\\" id=\\"premiumRoomField\\" value=\\"\\"></div></div><button type=\\"submit\\">Estimate</button></div></form>"`;
