// Jest Snapshot v1, https://goo.gl/fbAQLP

exports[`Dashboard Component Test should match with existing snapshot 1`] = `"<div class=\\"PlaceholderWrapper\\" id=\\"placeholder\\"><div class=\\"PlaceholderCont\\"><div class=\\"PlaceholderIconCont\\"><i class=\\"ion-coffee\\"></i></div><h4>Waiting for data...</h4><div class=\\"PlaceholderInfo\\">Provide available rooms (Economy and Premium) to see how many rooms will be occpied and how much total you will make from each room category.</div></div></div>"`;
